tiers from measured Elo: L1=0, L2=199, L3=454, L4=621, L5=742, L6=976, L8=1094
workers: 10   budget: 18.0 h   task pool: 2999915 pairs (deliberately oversubscribed; the run stops at its deadline)
pre-computing seed positions...
  ply  0: 1 distinct seeds
  ply  2: 16 distinct seeds
  ply  4: 357 distinct seeds
  ply  6: 3544 distinct seeds
  ply  8: 4000 distinct seeds
  ply 10: 4000 distinct seeds
  2000 games  5.0 games/s  0:06:42 elapsed  17:53:16 left
  4000 games  9./opt/homebrew/Cellar/pypy3.11/7.3.23_1/libexec/lib/pypy3.11/multiprocessing/resource_tracker.py:254: UserWarning: resource_tracker: There appear to be 5 leaked semaphore objects to clean up at shutdown
  warnings.warn('resource_tracker: There appear to be %d '
sed  17:53:16 left
  14000 games  34.7 games/s  0:06:43 elapsed  17:53:16 left
  16000 games  39.7 games/s  0:06:43 elapsed  17:53:15 left
  18000 games  41.2 games/s  0:07:16 elapsed  17:52:43 left
  20000 games  45.8 games/s  0:07:16 elapsed  17:52:42 left
  22000 games  50.4 games/s  0:07:16 elapsed  17:52:42 left
  24000 games  48.9 games/s  0:08:10 elapsed  17:51:48 left
  26000 games  50.9 games/s  0:08:30 elapsed  17:51:28 left
  28000 games  54.8 games/s  0:08:30 elapsed  17:51:28 left
  30000 games  50.0 games/s  0:09:59 elapsed  17:49:59 left
  32000 games  50.1 games/s  0:10:39 elapsed  17:49:20 left
  34000 games  53.2 games/s  0:10:39 elapsed  17:49:20 left
  36000 games  53.2 games/s  0:11:17 elapsed  17:48:42 left
  38000 games  56.1 games/s  0:11:17 elapsed  17:48:42 left
  40000 games  57.4 games/s  0:11:36 elapsed  17:48:22 left
  42000 games  60.3 games/s  0:11:36 elapsed  17:48:22 left
  44000 games  59.6 games/s  0:12:18 elapsed  17:47:41 left
  46000 games  58.7 games/s  0:13:03 elapsed  17:46:56 left
  48000 games  61.3 games/s  0:13:03 elapsed  17:46:55 left
  50000 games  61.7 games/s  0:13:30 elapsed  17:46:29 left
  52000 games  62.5 games/s  0:13:51 elapsed  17:46:07 left
  54000 games  62.2 games/s  0:14:28 elapsed  17:45:30 left
  56000 games  61.0 games/s  0:15:18 elapsed  17:44:40 left
  58000 games  63.1 games/s  0:15:18 elapsed  17:44:40 left
  60000 games  62.7 games/s  0:15:57 elapsed  17:44:02 left
  62000 games  64.3 games/s  0:16:04 elapsed  17:43:55 left
  64000 games  62.6 games/s  0:17:01 elapsed  17:42:57 left
  66000 games  57.4 games/s  0:19:09 elapsed  17:40:50 left
  68000 games  59.2 games/s  0:19:09 elapsed  17:40:50 left
  70000 games  60.9 games/s  0:19:09 elapsed  17:40:49 left
  72000 games  62.1 games/s  0:19:18 elapsed  17:40:40 left
  74000 games  63.9 games/s  0:19:18 elapsed  17:40:40 left
  76000 games  65.6 games/s  0:19:19 elapsed  17:40:40 left
  78000 games  65.3 games/s  0:19:55 elapsed  17:40:04 left
  80000 games  66.0 games/s  0:20:12 elapsed  17:39:46 left
  82000 games  64.7 games/s  0:21:07 elapsed  17:38:51 left
  84000 games  65.9 games/s  0:21:14 elapsed  17:38:45 left
  86000 games  62.7 games/s  0:22:50 elapsed  17:37:08 left
  88000 games  64.2 games/s  0:22:50 elapsed  17:37:08 left
  90000 games  64.7 games/s  0:23:11 elapsed  17:36:48 left
  92000 games  66.1 games/s  0:23:11 elapsed  17:36:48 left
  94000 games  66.4 games/s  0:23:34 elapsed  17:36:24 left
  96000 games  67.7 games/s  0:23:38 elapsed  17:36:21 left
  98000 games  67.8 games/s  0:24:06 elapsed  17:35:52 left
  100000 games  68.5 games/s  0:24:19 elapsed  17:35:39 left
  102000 games  68.8 games/s  0:24:41 elapsed  17:35:17 left
  104000 games  65.1 games/s  0:26:38 elapsed  17:33:20 left
  106000 games  66.3 games/s  0:26:38 elapsed  17:33:20 left
  108000 games  67.6 games/s  0:26:38 elapsed  17:33:20 left
  110000 games  68.8 games/s  0:26:38 elapsed  17:33:20 left
  112000 games  68.8 games/s  0:27:07 elapsed  17:32:52 left
  114000 games  67.8 games/s  0:28:01 elapsed  17:31:57 left
  116000 games  66.5 games/s  0:29:03 elapsed  17:30:56 left
  118000 games  67.2 games/s  0:29:15 elapsed  17:30:43 left
  120000 games  68.3 games/s  0:29:15 elapsed  17:30:43 left
  122000 games  69.4 games/s  0:29:16 elapsed  17:30:42 left
  124000 games  69.3 games/s  0:29:50 elapsed  17:30:09 left
  126000 games  69.9 games/s  0:30:03 elapsed  17:29:56 left
  128000 games  67.0 games/s  0:31:49 elapsed  17:28:10 left
  130000 games  66.1 games/s  0:32:46 elapsed  17:27:13 left
  132000 games  67.1 games/s  0:32:46 elapsed  17:27:12 left
  134000 games  68.1 games/s  0:32:46 elapsed  17:27:12 left
  136000 games  69.0 games/s  0:32:50 elapsed  17:27:09 left
  138000 games  68.8 games/s  0:33:25 elapsed  17:26:33 left
  140000 games  69.2 games/s  0:33:43 elapsed  17:26:15 left
  142000 games  66.6 games/s  0:35:31 elapsed  17:24:27 left
  144000 games  67.5 games/s  0:35:31 elapsed  17:24:27 left
  146000 games  68.5 games/s  0:35:31 elapsed  17:24:27 left
  148000 games  68.2 games/s  0:36:11 elapsed  17:23:47 left
  150000 games  69.1 games/s  0:36:11 elapsed  17:23:47 left
  152000 games  70.0 games/s  0:36:11 elapsed  17:23:47 left
  154000 games  70.7 games/s  0:36:18 elapsed  17:23:41 left
  156000 games  67.7 games/s  0:38:23 elapsed  17:21:36 left
  158000 games  68.6 games/s  0:38:23 elapsed  17:21:36 left
  160000 games  69.2 games/s  0:38:31 elapsed  17:21:27 left
  162000 games  69.7 games/s  0:38:43 elapsed  17:21:15 left
  164000 games  69.6 games/s  0:39:15 elapsed  17:20:43 left
  166000 games  70.5 games/s  0:39:15 elapsed  17:20:43 left
  168000 games  71.0 games/s  0:39:27 elapsed  17:20:31 left
  170000 games  71.2 games/s  0:39:47 elapsed  17:20:12 left
  172000 games  71.8 games/s  0:39:54 elapsed  17:20:04 left
  174000 games  71.3 games/s  0:40:39 elapsed  17:19:19 left
  176000 games  72.1 games/s  0:40:39 elapsed  17:19:19 left
  178000 games  69.0 games/s  0:42:59 elapsed  17:16:59 left
  180000 games  69.8 games/s  0:42:59 elapsed  17:16:59 left
  182000 games  70.5 games/s  0:42:59 elapsed  17:16:59 left
  184000 games  70.8 games/s  0:43:19 elapsed  17:16:39 left
  186000 games  71.5 games/s  0:43:22 elapsed  17:16:37 left
  188000 games  71.9 games/s  0:43:36 elapsed  17:16:23 left
  190000 games  69.6 games/s  0:45:28 elapsed  17:14:31 left
  192000 games  70.4 games/s  0:45:28 elapsed  17:14:30 left
  194000 games  70.9 games/s  0:45:35 elapsed  17:14:24 left
  196000 games  71.7 games/s  0:45:35 elapsed  17:14:23 left
  198000 games  71.9 games/s  0:45:52 elapsed  17:14:06 left
  200000 games  71.8 games/s  0:46:23 elapsed  17:13:35 left
  202000 games  71.6 games/s  0:47:00 elapsed  17:12:58 left
  204000 games  72.3 games/s  0:47:00 elapsed  17:12:58 left
  206000 games  72.6 games/s  0:47:18 elapsed  17:12:40 left
  208000 games  72.5 games/s  0:47:50 elapsed  17:12:08 left
  210000 games  69.9 games/s  0:50:04 elapsed  17:09:54 left
  212000 games  70.5 games/s  0:50:05 elapsed  17:09:54 left
  214000 games  71.2 games/s  0:50:05 elapsed  17:09:54 left
  216000 games  71.9 games/s  0:50:05 elapsed  17:09:54 left
  218000 games  72.5 games/s  0:50:05 elapsed  17:09:53 left
  220000 games  73.2 games/s  0:50:05 elapsed  17:09:53 left
  222000 games  73.3 games/s  0:50:27 elapsed  17:09:31 left
  224000 games  72.7 games/s  0:51:19 elapsed  17:08:39 left
  226000 games  72.4 games/s  0:52:02 elapsed  17:07:57 left
  228000 games  73.0 games/s  0:52:02 elapsed  17:07:57 left
  230000 games  73.2 games/s  0:52:22 elapsed  17:07:36 left
  232000 games  72.8 games/s  0:53:07 elapsed  17:06:51 left
  234000 games  73.4 games/s  0:53:07 elapsed  17:06:51 left
  236000 games  73.0 games/s  0:53:52 elapsed  17:06:06 left
  238000 games  73.6 games/s  0:53:52 elapsed  17:06:06 left
  240000 games  74.2 games/s  0:53:52 elapsed  17:06:06 left
  242000 games  72.7 games/s  0:55:29 elapsed  17:04:29 left
  244000 games  73.3 games/s  0:55:30 elapsed  17:04:29 left
  246000 games  73.9 games/s  0:55:30 elapsed  17:04:29 left
  248000 games  74.0 games/s  0:55:50 elapsed  17:04:08 left
  250000 games  74.6 games/s  0:55:50 elapsed  17:04:08 left
  252000 games  74.6 games/s  0:56:19 elapsed  17:03:39 left
  254000 games  75.0 games/s  0:56:28 elapsed  17:03:30 left
  256000 games  75.4 games/s  0:56:33 elapsed  17:03:25 left
  258000 games  75.1 games/s  0:57:13 elapsed  17:02:45 left
  260000 games  75.7 games/s  0:57:13 elapsed  17:02:45 left
  262000 games  75.8 games/s  0:57:35 elapsed  17:02:23 left
  264000 games  75.3 games/s  0:58:26 elapsed  17:01:32 left
  266000 games  72.3 games/s  1:01:16 elapsed  16:58:42 left
  268000 games  72.9 games/s  1:01:17 elapsed  16:58:42 left
  270000 games  73.4 games/s  1:01:17 elapsed  16:58:42 left
  272000 games  74.0 games/s  1:01:17 elapsed  16:58:42 left
  274000 games  74.5 games/s  1:01:17 elapsed  16:58:42 left
  276000 games  75.1 games/s  1:01:17 elapsed  16:58:41 left
  278000 games  75.6 games/s  1:01:17 elapsed  16:58:41 left
  280000 games  75.6 games/s  1:01:42 elapsed  16:58:16 left
  282000 games  76.2 games/s  1:01:42 elapsed  16:58:16 left
  284000 games  75.8 games/s  1:02:26 elapsed  16:57:32 left
  286000 games  76.3 games/s  1:02:26 elapsed  16:57:32 left
  288000 games  76.9 games/s  1:02:26 elapsed  16:57:32 left
  290000 games  76.8 games/s  1:02:56 elapsed  16:57:03 left
  292000 games  77.3 games/s  1:02:56 elapsed  16:57:03 left
  294000 games  77.5 games/s  1:03:13 elapsed  16:56:45 left
  296000 games  75.7 games/s  1:05:07 elapsed  16:54:51 left
  298000 games  76.3 games/s  1:05:08 elapsed  16:54:51 left
  300000 games  76.8 games/s  1:05:08 elapsed  16:54:51 left
  302000 games  77.3 games/s  1:05:08 elapsed  16:54:51 left
  304000 games  77.8 games/s  1:05:08 elapsed  16:54:51 left
  306000 games  77.0 games/s  1:06:11 elapsed  16:53:47 left
  308000 games  77.5 games/s  1:06:11 elapsed  16:53:47 left
  310000 games  77.4 games/s  1:06:45 elapsed  16:53:14 left
  312000 games  77.9 games/s  1:06:45 elapsed  16:53:14 left
  314000 games  78.4 games/s  1:06:45 elapsed  16:53:14 left
  316000 games  78.2 games/s  1:07:22 elapsed  16:52:36 left
  318000 games  78.6 games/s  1:07:25 elapsed  16:52:33 left
  320000 games  78.5 games/s  1:07:57 elapsed  16:52:01 left
  322000 games  78.7 games/s  1:08:10 elapsed  16:51:49 left
  324000 games  79.2 games/s  1:08:13 elapsed  16:51:46 left
  326000 games  79.0 games/s  1:08:44 elapsed  16:51:15 left
  328000 games  79.3 games/s  1:08:57 elapsed  16:51:02 left
  330000 games  79.8 games/s  1:08:57 elapsed  16:51:02 left
  332000 games  79.7 games/s  1:09:26 elapsed  16:50:32 left
  334000 games  80.0 games/s  1:09:36 elapsed  16:50:22 left
  336000 games  79.5 games/s  1:10:27 elapsed  16:49:31 left
  338000 games  78.7 games/s  1:11:34 elapsed  16:48:24 left
  340000 games  79.2 games/s  1:11:35 elapsed  16:48:23 left
  342000 games  79.6 games/s  1:11:35 elapsed  16:48:23 left
  344000 games  80.1 games/s  1:11:36 elapsed  16:48:23 left
  346000 games  80.5 games/s  1:11:36 elapsed  16:48:23 left
  348000 games  80.2 games/s  1:12:20 elapsed  16:47:38 left
  350000 games  80.6 games/s  1:12:21 elapsed  16:47:38 left
  352000 games  81.1 games/s  1:12:21 elapsed  16:47:37 left
  354000 games  80.1 games/s  1:13:39 elapsed  16:46:19 left
  356000 games  80.6 games/s  1:13:39 elapsed  16:46:19 left
  358000 games  80.8 games/s  1:13:51 elapsed  16:46:07 left
  360000 games  80.9 games/s  1:14:11 elapsed  16:45:48 left
  362000 games  81.0 games/s  1:14:30 elapsed  16:45:28 left
  364000 games  81.1 games/s  1:14:48 elapsed  16:45:10 left
  366000 games  81.5 games/s  1:14:49 elapsed  16:45:10 left
  368000 games  81.5 games/s  1:15:14 elapsed  16:44:44 left
  370000 games  80.6 games/s  1:16:30 elapsed  16:43:28 left
  372000 games  81.0 games/s  1:16:30 elapsed  16:43:28 left
  374000 games  81.5 games/s  1:16:30 elapsed  16:43:28 left
  376000 games  81.0 games/s  1:17:21 elapsed  16:42:37 left
  378000 games  81.4 games/s  1:17:21 elapsed  16:42:37 left
  380000 games  81.9 games/s  1:17:21 elapsed  16:42:37 left
  382000 games  81.4 games/s  1:18:11 elapsed  16:41:48 left
  384000 games  81.9 games/s  1:18:11 elapsed  16:41:48 left
  386000 games  81.4 games/s  1:19:03 elapsed  16:40:56 left
  388000 games  81.8 games/s  1:19:03 elapsed  16:40:55 left
  390000 games  81.4 games/s  1:19:54 elapsed  16:40:05 left
  392000 games  81.8 games/s  1:19:54 elapsed  16:40:05 left
  394000 games  82.2 games/s  1:19:54 elapsed  16:40:05 left
  396000 games  82.2 games/s  1:20:19 elapsed  16:39:39 left
  398000 games  81.3 games/s  1:21:37 elapsed  16:38:21 left
  400000 games  81.7 games/s  1:21:37 elapsed  16:38:21 left
  402000 games  81.5 games/s  1:22:15 elapsed  16:37:44 left
  404000 games  81.9 games/s  1:22:15 elapsed  16:37:43 left
  406000 games  82.3 games/s  1:22:15 elapsed  16:37:43 left
  408000 games  82.7 games/s  1:22:15 elapsed  16:37:43 left
  410000 games  83.0 games/s  1:22:19 elapsed  16:37:40 left
  412000 games  82.2 games/s  1:23:29 elapsed  16:36:30 left
  414000 games  82.6 games/s  1:23:29 elapsed  16:36:30 left
  416000 games  83.0 games/s  1:23:29 elapsed  16:36:30 left
  418000 games  82.2 games/s  1:24:46 elapsed  16:35:13 left
  420000 games  82.5 games/s  1:24:51 elapsed  16:35:07 left
  422000 games  82.9 games/s  1:24:51 elapsed  16:35:07 left
  424000 games  82.0 games/s  1:26:09 elapsed  16:33:50 left
  426000 games  82.4 games/s  1:26:09 elapsed  16:33:50 left
  428000 games  82.8 games/s  1:26:09 elapsed  16:33:49 left
  430000 games  83.2 games/s  1:26:09 elapsed  16:33:49 left
  432000 games  83.3 games/s  1:26:27 elapsed  16:33:32 left
  434000 games  83.1 games/s  1:27:03 elapsed  16:32:55 left
  436000 games  83.5 games/s  1:27:03 elapsed  16:32:55 left
  438000 games  83.8 games/s  1:27:04 elapsed  16:32:55 left
  440000 games  84.1 games/s  1:27:09 elapsed  16:32:49 left
  442000 games  83.6 games/s  1:28:04 elapsed  16:31:54 left
  444000 games  83.7 games/s  1:28:23 elapsed  16:31:35 left
  446000 games  84.1 games/s  1:28:23 elapsed  16:31:35 left
  448000 games  84.0 games/s  1:28:55 elapsed  16:31:04 left
  450000 games  82.2 games/s  1:31:14 elapsed  16:28:44 left
  452000 games  82.6 games/s  1:31:15 elapsed  16:28:44 left
  454000 games  82.9 games/s  1:31:15 elapsed  16:28:44 left
  456000 games  83.3 games/s  1:31:15 elapsed  16:28:43 left
  458000 games  83.6 games/s  1:31:15 elapsed  16:28:43 left
  460000 games  82.1 games/s  1:33:22 elapsed  16:26:36 left
  462000 games  82.5 games/s  1:33:22 elapsed  16:26:36 left
  464000 games  82.8 games/s  1:33:22 elapsed  16:26:36 left
  466000 games  82.8 games/s  1:33:51 elapsed  16:26:08 left
  468000 games  83.1 games/s  1:33:51 elapsed  16:26:07 left
  470000 games  83.2 games/s  1:34:11 elapsed  16:25:48 left
  472000 games  82.5 games/s  1:35:20 elapsed  16:24:39 left
  474000 games  82.1 games/s  1:36:10 elapsed  16:23:48 left
  476000 games  82.5 games/s  1:36:10 elapsed  16:23:48 left
  478000 games  82.8 games/s  1:36:10 elapsed  16:23:48 left
  480000 games  83.2 games/s  1:36:10 elapsed  16:23:48 left
  482000 games  83.1 games/s  1:36:40 elapsed  16:23:19 left
  484000 games  83.3 games/s  1:36:53 elapsed  16:23:05 left
  486000 games  82.3 games/s  1:38:27 elapsed  16:21:31 left
  488000 games  82.6 games/s  1:38:28 elapsed  16:21:31 left
  490000 games  82.9 games/s  1:38:28 elapsed  16:21:31 left
  492000 games  83.0 games/s  1:38:49 elapsed  16:21:09 left
  494000 games  83.3 games/s  1:38:50 elapsed  16:21:09 left
  496000 games  82.8 games/s  1:39:51 elapsed  16:20:07 left
  498000 games  83.1 games/s  1:39:52 elapsed  16:20:07 left
  500000 games  83.4 games/s  1:39:52 elapsed  16:20:07 left
  502000 games  83.1 games/s  1:40:43 elapsed  16:19:15 left
  504000 games  83.1 games/s  1:41:05 elapsed  16:18:54 left
  506000 games  82.9 games/s  1:41:44 elapsed  16:18:15 left
  508000 games  83.2 games/s  1:41:46 elapsed  16:18:12 left
  510000 games  83.1 games/s  1:42:17 elapsed  16:17:41 left
  512000 games  82.8 games/s  1:43:02 elapsed  16:16:57 left
  514000 games  83.1 games/s  1:43:02 elapsed  16:16:56 left
  516000 games  82.6 games/s  1:44:09 elapsed  16:15:49 left
  518000 games  82.9 games/s  1:44:09 elapsed  16:15:49 left
  520000 games  83.2 games/s  1:44:10 elapsed  16:15:49 left
  522000 games  83.5 games/s  1:44:10 elapsed  16:15:49 left
  524000 games  83.7 games/s  1:44:21 elapsed  16:15:37 left
  526000 games  83.7 games/s  1:44:45 elapsed  16:15:14 left
  528000 games  83.5 games/s  1:45:23 elapsed  16:14:35 left
  530000 games  82.1 games/s  1:47:35 elapsed  16:12:23 left
  532000 games  82.4 games/s  1:47:36 elapsed  16:12:23 left
  534000 games  82.7 games/s  1:47:36 elapsed  16:12:23 left
  536000 games  83.0 games/s  1:47:36 elapsed  16:12:23 left
  538000 games  83.2 games/s  1:47:46 elapsed  16:12:12 left
  540000 games  83.4 games/s  1:47:54 elapsed  16:12:04 left
  542000 games  83.4 games/s  1:48:21 elapsed  16:11:38 left
  544000 games  82.3 games/s  1:50:09 elapsed  16:09:50 left
  546000 games  81.6 games/s  1:51:35 elapsed  16:08:24 left
  548000 games  81.8 games/s  1:51:35 elapsed  16:08:24 left
  550000 games  82.1 games/s  1:51:35 elapsed  16:08:23 left
  552000 games  82.4 games/s  1:51:35 elapsed  16:08:23 left
  554000 games  82.7 games/s  1:51:35 elapsed  16:08:23 left
  556000 games  82.9 games/s  1:51:44 elapsed  16:08:14 left
  558000 games  82.4 games/s  1:52:51 elapsed  16:07:08 left
  560000 games  82.1 games/s  1:53:41 elapsed  16:06:18 left
  562000 games  81.1 games/s  1:55:28 elapsed  16:04:30 left
  564000 games  81.4 games/s  1:55:29 elapsed  16:04:30 left
  566000 games  80.6 games/s  1:57:02 elapsed  16:02:56 left
  568000 games  80.9 games/s  1:57:03 elapsed  16:02:56 left
  570000 games  81.2 games/s  1:57:03 elapsed  16:02:55 left
  572000 games  81.4 games/s  1:57:03 elapsed  16:02:55 left
  574000 games  80.6 games/s  1:58:41 elapsed  16:01:17 left
  576000 games  80.9 games/s  1:58:41 elapsed  16:01:17 left
  578000 games  80.4 games/s  1:59:45 elapsed  16:00:14 left
  580000 games  80.6 games/s  1:59:58 elapsed  16:00:00 left
  582000 games  80.6 games/s  2:00:21 elapsed  15:59:38 left
  584000 games  80.5 games/s  2:00:53 elapsed  15:59:05 left
  586000 games  80.7 games/s  2:01:04 elapsed  15:58:55 left
  588000 games  80.5 games/s  2:01:45 elapsed  15:58:13 left
  590000 games  79.8 games/s  2:03:14 elapsed  15:56:45 left
  592000 games  80.1 games/s  2:03:14 elapsed  15:56:44 left
  594000 games  79.4 games/s  2:04:40 elapsed  15:55:18 left
  596000 games  79.7 games/s  2:04:41 elapsed  15:55:18 left
  598000 games  79.9 games/s  2:04:41 elapsed  15:55:18 left
  600000 games  80.2 games/s  2:04:41 elapsed  15:55:17 left
  602000 games  78.9 games/s  2:07:13 elapsed  15:52:45 left
  604000 games  79.1 games/s  2:07:13 elapsed  15:52:45 left
  606000 games  79.3 games/s  2:07:23 elapsed  15:52:36 left
  608000 games  79.5 games/s  2:07:23 elapsed  15:52:35 left
  610000 games  76.8 games/s  2:12:21 elapsed  15:47:37 left
  612000 games  77.1 games/s  2:12:21 elapsed  15:47:37 left
  614000 games  77.3 games/s  2:12:21 elapsed  15:47:37 left
  616000 games  77.6 games/s  2:12:22 elapsed  15:47:37 left
  618000 games  77.2 games/s  2:13:30 elapsed  15:46:29 left
  620000 games  77.4 games/s  2:13:30 elapsed  15:46:28 left
  622000 games  77.6 games/s  2:13:30 elapsed  15:46:28 left
  624000 games  77.9 games/s  2:13:31 elapsed  15:46:28 left
  626000 games  76.5 games/s  2:16:20 elapsed  15:43:38 left
  628000 games  76.8 games/s  2:16:20 elapsed  15:43:38 left
  630000 games  77.0 games/s  2:16:20 elapsed  15:43:38 left
  632000 games  76.9 games/s  2:17:00 elapsed  15:42:59 left
  634000 games  77.1 games/s  2:17:00 elapsed  15:42:59 left
  636000 games  76.6 games/s  2:18:25 elapsed  15:41:34 left
  638000 games  76.8 games/s  2:18:25 elapsed  15:41:33 left
  640000 games  76.7 games/s  2:19:04 elapsed  15:40:54 left
  642000 games  76.9 games/s  2:19:05 elapsed  15:40:54 left
  644000 games  77.2 games/s  2:19:07 elapsed  15:40:52 left
  646000 games  77.4 games/s  2:19:07 elapsed  15:40:52 left
  648000 games  76.6 games/s  2:21:02 elapsed  15:38:57 left
  650000 games  76.8 games/s  2:21:02 elapsed  15:38:56 left
  652000 games  77.0 games/s  2:21:02 elapsed  15:38:56 left
  654000 games  76.6 games/s  2:22:22 elapsed  15:37:37 left
  656000 games  76.8 games/s  2:22:22 elapsed  15:37:37 left
  658000 games  75.4 games/s  2:25:24 elapsed  15:34:34 left
  660000 games  75.6 games/s  2:25:25 elapsed  15:34:34 left
  662000 games  74.7 games/s  2:27:45 elapsed  15:32:13 left
  664000 games  74.9 games/s  2:27:46 elapsed  15:32:13 left
  666000 games  75.1 games/s  2:27:46 elapsed  15:32:13 left
  668000 games  75.3 games/s  2:27:46 elapsed  15:32:12 left
  670000 games  74.6 games/s  2:29:38 elapsed  15:30:21 left
  672000 games  74.5 games/s  2:30:16 elapsed  15:29:43 left
  674000 games  71.4 games/s  2:37:22 elapsed  15:22:36 left
  676000 games  71.6 games/s  2:37:23 elapsed  15:22:36 left
  678000 games  71.8 games/s  2:37:23 elapsed  15:22:35 left
  680000 games  72.0 games/s  2:37:23 elapsed  15:22:35 left
  682000 games  72.2 games/s  2:37:24 elapsed  15:22:34 left
  684000 games  70.8 games/s  2:40:57 elapsed  15:19:02 left
  686000 games  71.0 games/s  2:40:57 elapsed  15:19:01 left
  688000 games  71.2 games/s  2:40:57 elapsed  15:19:01 left
  690000 games  69.9 games/s  2:44:34 elapsed  15:15:24 left
  692000 games  70.1 games/s  2:44:34 elapsed  15:15:24 left
  694000 games  70.3 games/s  2:44:35 elapsed  15:15:24 left
  696000 games  70.5 games/s  2:44:35 elapsed  15:15:23 left
  698000 games  70.5 games/s  2:45:02 elapsed  15:14:56 left
  700000 games  70.7 games/s  2:45:03 elapsed  15:14:56 left
  702000 games  70.4 games/s  2:46:13 elapsed  15:13:46 left
  704000 games  70.1 games/s  2:47:16 elapsed  15:12:43 left
  706000 games  68.8 games/s  2:51:07 elapsed  15:08:52 left
  708000 games  66.2 games/s  2:58:18 elapsed  15:01:40 left
  710000 games  66.4 games/s  2:58:19 elapsed  15:01:40 left
  712000 games  66.5 games/s  2:58:19 elapsed  15:01:39 left
  714000 games  66.7 games/s  2:58:19 elapsed  15:01:39 left
  716000 games  66.9 games/s  2:58:20 elapsed  15:01:39 left
  718000 games  67.1 games/s  2:58:20 elapsed  15:01:38 left
  720000 games  67.2 games/s  2:58:40 elapsed  15:01:18 left
  722000 games  67.3 games/s  2:58:41 elapsed  15:01:17 left
  724000 games  67.5 games/s  2:58:42 elapsed  15:01:17 left
  726000 games  66.7 games/s  3:01:30 elapsed  14:58:29 left
  728000 games  66.2 games/s  3:03:13 elapsed  14:56:46 left
  730000 games  66.0 games/s  3:04:21 elapsed  14:55:38 left
  732000 games  66.2 games/s  3:04:21 elapsed  14:55:37 left
  734000 games  66.4 games/s  3:04:22 elapsed  14:55:37 left
  736000 games  65.6 games/s  3:07:01 elapsed  14:52:58 left
  738000 games  64.0 games/s  3:12:17 elapsed  14:47:42 left
  740000 games  64.1 games/s  3:12:17 elapsed  14:47:41 left
  742000 games  64.2 games/s  3:12:38 elapsed  14:47:21 left
  744000 games  64.4 games/s  3:12:38 elapsed  14:47:20 left
  746000 games  64.5 games/s  3:12:38 elapsed  14:47:20 left
  748000 games  64.6 games/s  3:13:07 elapsed  14:46:52 left
  750000 games  64.3 games/s  3:14:16 elapsed  14:45:43 left
  752000 games  63.0 games/s  3:18:51 elapsed  14:41:08 left
  754000 games  63.2 games/s  3:18:51 elapsed  14:41:08 left
  756000 games  63.3 games/s  3:19:02 elapsed  14:40:56 left
  758000 games  63.5 games/s  3:19:02 elapsed  14:40:56 left
  760000 games  63.1 games/s  3:20:36 elapsed  14:39:23 left
  762000 games  63.3 games/s  3:20:36 elapsed  14:39:23 left
  764000 games  62.0 games/s  3:25:29 elapsed  14:34:29 left
  766000 games  62.1 games/s  3:25:37 elapsed  14:34:22 left
  768000 games  62.2 games/s  3:25:37 elapsed  14:34:21 left
  770000 games  61.2 games/s  3:29:46 elapsed  14:30:12 left
  772000 games  61.3 games/s  3:29:46 elapsed  14:30:12 left
/opt/homebrew/Cellar/pypy3.11/7.3.23_1/libexec/lib/pypy3.11/multiprocessing/resource_tracker.py:254: UserWarning: resource_tracker: There appear to be 5 leaked semaphore objects to clean up at shutdown
  warnings.warn('resource_tracker: There appear to be %d '
